// Jest Snapshot v1, https://goo.gl/fbAQLP

exports[`Navigation Snapshot Navigation 1`] = `
<div>
  <nav
    class="navigation"
  >
    <ul
      class="navigation__list"
    >
      <li
        class="navigation__item"
      >
        <a
          aria-current="page"
          class="navigation__link active"
          href="/"
        >
          Home
        </a>
      </li>
      <li
        class="navigation__item"
      >
        <a
          class="navigation__link"
          href="/favorites"
        >
          Favorites
        </a>
      </li>
      <li
        class="navigation__item"
      >
        <a
          class="navigation__link"
          href="/cart"
        >
          Cart
        </a>
      </li>
    </ul>
  </nav>
</div>
`;
